22:33:23 **** Incremental Build of configuration Debug for project Chess Clock ****
Info: Internal Builder is used for build
arm-atollic-eabi-gcc -c ..\App\ChessClock_program.c -mthumb -mcpu=cortex-m3 -std=gnu11 -DSTM32F10X_MD -DUSE_STDPERIPH_DRIVER -I../src -I../Libraries/STM32F10x_StdPeriph_Driver/inc -I../Libraries/CMSIS/Device/ST/STM32F10x/Include -I../Libraries/CMSIS/Include -IC:\Users\20109\OneDrive\Documents\STM32 Projects\Chess Clock\Chess Clock\Drivers -IC:\Users\20109\OneDrive\Documents\STM32 Projects\Chess Clock\Chess Clock\App -O0 -ffunction-sections -fdata-sections -g -fstack-usage -Wall -specs=nano.specs -o App\ChessClock_program.o 
..\App\ChessClock_program.c:168:13: warning: 'ChessClock_voidDisableInterrupts' defined but not used [-Wunused-function]
 static void ChessClock_voidDisableInterrupts(void){
             ^~~~~~~~~~~~~~~~~~~~~~~~~~~~~~~~
..\App\ChessClock_program.c:156:13: warning: 'ChessClock_voidEnableInterrupts' defined but not used [-Wunused-function]
 static void ChessClock_voidEnableInterrupts(void){
             ^~~~~~~~~~~~~~~~~~~~~~~~~~~~~~~
arm-atollic-eabi-gcc -o Chess Clock.elf App\ChessClock_program.o Drivers\2- MCAL\ARM _CORTEX_M3\01- NVIC\NVIC_program.o Drivers\2- MCAL\ARM _CORTEX_M3\02- SCB\SCB_program.o Drivers\2- MCAL\ARM _CORTEX_M3\03- STK\STK_program.o Drivers\2- MCAL\ST\01- CRC\CRC_program.o Drivers\2- MCAL\ST\02- PWR\PWR_program.o Drivers\2- MCAL\ST\03- BKP\BKP_program.o Drivers\2- MCAL\ST\04- RCC\RCC_program.o Drivers\2- MCAL\ST\05- GPIO\GPIO_program.o Drivers\2- MCAL\ST\06- AFIO\AFIO_program.o Drivers\2- MCAL\ST\07- EXTI\EXTI_program.o Drivers\2- MCAL\ST\08- ADC\ADC_program.o Drivers\2- MCAL\ST\09- DMA\DMA_program.o Drivers\2- MCAL\ST\10- ADVANCED TIMERS (1,8)\ADVANCED_TIMERS_program.o Drivers\3- HAL\01- SevenSegment\SevenSegment_program.o Drivers\3- HAL\02- KeyPad\Keypad_program.o Drivers\3- HAL\03- Char LCD\LCD_program.o Drivers\3- HAL\04- Rotary Encoder\Encoder_program.o Libraries\STM32F10x_StdPeriph_Driver\src\misc.o Libraries\STM32F10x_StdPeriph_Driver\src\stm32f10x_adc.o Libraries\STM32F10x_StdPeriph_Driver\src\stm32f10x_bkp.o Libraries\STM32F10x_StdPeriph_Driver\src\stm32f10x_can.o Libraries\STM32F10x_StdPeriph_Driver\src\stm32f10x_cec.o Libraries\STM32F10x_StdPeriph_Driver\src\stm32f10x_crc.o Libraries\STM32F10x_StdPeriph_Driver\src\stm32f10x_dac.o Libraries\STM32F10x_StdPeriph_Driver\src\stm32f10x_dbgmcu.o Libraries\STM32F10x_StdPeriph_Driver\src\stm32f10x_dma.o Libraries\STM32F10x_StdPeriph_Driver\src\stm32f10x_exti.o Libraries\STM32F10x_StdPeriph_Driver\src\stm32f10x_flash.o Libraries\STM32F10x_StdPeriph_Driver\src\stm32f10x_fsmc.o Libraries\STM32F10x_StdPeriph_Driver\src\stm32f10x_gpio.o Libraries\STM32F10x_StdPeriph_Driver\src\stm32f10x_i2c.o Libraries\STM32F10x_StdPeriph_Driver\src\stm32f10x_iwdg.o Libraries\STM32F10x_StdPeriph_Driver\src\stm32f10x_pwr.o Libraries\STM32F10x_StdPeriph_Driver\src\stm32f10x_rcc.o Libraries\STM32F10x_StdPeriph_Driver\src\stm32f10x_rtc.o Libraries\STM32F10x_StdPeriph_Driver\src\stm32f10x_sdio.o Libraries\STM32F10x_StdPeriph_Driver\src\stm32f10x_spi.o Libraries\STM32F10x_StdPeriph_Driver\src\stm32f10x_tim.o Libraries\STM32F10x_StdPeriph_Driver\src\stm32f10x_usart.o Libraries\STM32F10x_StdPeriph_Driver\src\stm32f10x_wwdg.o src\main.o src\startup_stm32f10x_md.o src\stm32f1xx_it.o src\system_stm32f10x.o src\tiny_printf.o -mthumb -mcpu=cortex-m3 -T../Debug_STM32F103C8_FLASH.ld -specs=nosys.specs -static -Wl,-cref,-u,Reset_Handler -Wl,-Map=Chess Clock.map -Wl,--gc-sections -Wl,--defsym=malloc_getpagesize_P=0x80 -Wl,--start-group -lc -lm -Wl,--end-group -specs=nano.specs 
C:\Program Files (x86)\Atollic\TrueSTUDIO for STM32 9.3.0\ide\jre\bin\java -jar C:\Program Files (x86)\Atollic\TrueSTUDIO for STM32 9.3.0\Tools\arm-atollic-reports.jar sizeinfo list Chess Clock.elf 
Generate build reports...
Print size information
   text	   data	    bss	    dec	    hex	filename
   6180	     64	    508	   6752	   1a60	Chess Clock.elf
Print size information done
Generate listing file
Output sent to: Chess Clock.list
Generate listing file done
Generate build reports done
